func Main [in 0, out 0, local 2]
   $t0 = 4
   local[0] = $t0
   $t0 = local[0]
   $t1 = 2
   $t2 = Add($t0 $t1)
   local[1] = $t2
   $t0 = local[1]
   PrintIntS($t0)
   ret



