const empty_BBS

func Main [in 0, out 2, local 2]
   $t0 = 8
   $t1 = HeapAllocZ($t0)
   local[0] = $t1
   $t0 = local[0]
   if $t0 goto :null1
   $t0 = "null pointer"
   Error($t0)
null1:
   $v0 = local[0]
   out[0] = $v0
   out[1] = 10
   $t0 = :BBS.Start
   call $t0
   local[1] = $v0
   $t0 = local[1]
   PrintIntS($t0)
   ret

func BBS.Start [in 2, out 2, local 3]
   $v0 = in[0]
   out[0] = $v0
   $v0 = in[1]
   out[1] = $v0
   $t0 = :BBS.Init
   call $t0
   local[0] = $v0
   $v0 = in[0]
   out[0] = $v0
   $t0 = :BBS.Print
   call $t0
   local[0] = $v0
   $t0 = 99999
   PrintIntS($t0)
   $v0 = in[0]
   out[0] = $v0
   $t0 = :BBS.Sort
   call $t0
   local[0] = $v0
   $v0 = in[0]
   out[0] = $v0
   $t0 = :BBS.Print
   call $t0
   local[0] = $v0
   $v0 = 0
   ret

func BBS.Sort [in 1, out 0, local 28]
   $t0 = in[0]
   $t1 = local[0]
   $t1 = [$t0+4]
   local[0] = $t1
   $t0 = local[0]
   $t1 = 1
   $t2 = Sub($t0 $t1)
   local[1] = $t2
   $t0 = 0
   $t1 = 1
   $t2 = Sub($t0 $t1)
   local[2] = $t2
while1_top:
   $t0 = local[2]
   $t1 = local[1]
   $t2 = LtS($t0 $t1)
   local[3] = $t2
   $t0 = local[3]
   if0 $t0 goto :while1_end
   $t0 = 1
   local[4] = $t0
while2_top:
   $t0 = local[1]
   $t1 = 1
   $t2 = Add($t0 $t1)
   local[5] = $t2
   $t0 = local[4]
   $t1 = local[5]
   $t2 = LtS($t0 $t1)
   local[6] = $t2
   $t0 = local[6]
   if0 $t0 goto :while2_end
   $t0 = local[4]
   $t1 = 1
   $t2 = Sub($t0 $t1)
   local[7] = $t2
   $t0 = in[0]
   $t1 = local[8]
   $t1 = [$t0+0]
   local[8] = $t1
   $t0 = local[8]
   if $t0 goto :null2
   $t0 = "null pointer"
   Error($t0)
null2:
   $t0 = local[8]
   $t1 = local[9]
   $t1 = [$t0+0]
   local[9] = $t1
   $t0 = local[7]
   $t1 = local[9]
   $t2 = Lt($t0 $t1)
   local[9] = $t2
   $t0 = local[9]
   if $t0 goto :bounds1
   $t0 = "array index out of bounds"
   Error($t0)
bounds1:
   $t0 = local[7]
   $t1 = 4
   $t2 = MulS($t0 $t1)
   local[9] = $t2
   $t0 = local[9]
   $t1 = local[8]
   $t2 = Add($t0 $t1)
   local[9] = $t2
   $t0 = local[9]
   $t1 = local[10]
   $t1 = [$t0+4]
   local[10] = $t1
   $t0 = in[0]
   $t1 = local[11]
   $t1 = [$t0+0]
   local[11] = $t1
   $t0 = local[11]
   if $t0 goto :null3
   $t0 = "null pointer"
   Error($t0)
null3:
   $t0 = local[11]
   $t1 = local[12]
   $t1 = [$t0+0]
   local[12] = $t1
   $t0 = local[4]
   $t1 = local[12]
   $t2 = Lt($t0 $t1)
   local[12] = $t2
   $t0 = local[12]
   if $t0 goto :bounds2
   $t0 = "array index out of bounds"
   Error($t0)
bounds2:
   $t0 = local[4]
   $t1 = 4
   $t2 = MulS($t0 $t1)
   local[12] = $t2
   $t0 = local[12]
   $t1 = local[11]
   $t2 = Add($t0 $t1)
   local[12] = $t2
   $t0 = local[12]
   $t1 = local[13]
   $t1 = [$t0+4]
   local[13] = $t1
   $t0 = local[13]
   $t1 = local[10]
   $t2 = LtS($t0 $t1)
   local[14] = $t2
   $t0 = local[14]
   if0 $t0 goto :if1_else
   $t0 = local[4]
   $t1 = 1
   $t2 = Sub($t0 $t1)
   local[15] = $t2
   $t0 = in[0]
   $t1 = local[16]
   $t1 = [$t0+0]
   local[16] = $t1
   $t0 = local[16]
   if $t0 goto :null4
   $t0 = "null pointer"
   Error($t0)
null4:
   $t0 = local[16]
   $t1 = local[17]
   $t1 = [$t0+0]
   local[17] = $t1
   $t0 = local[15]
   $t1 = local[17]
   $t2 = Lt($t0 $t1)
   local[17] = $t2
   $t0 = local[17]
   if $t0 goto :bounds3
   $t0 = "array index out of bounds"
   Error($t0)
bounds3:
   $t0 = local[15]
   $t1 = 4
   $t2 = MulS($t0 $t1)
   local[17] = $t2
   $t0 = local[17]
   $t1 = local[16]
   $t2 = Add($t0 $t1)
   local[17] = $t2
   $t0 = local[17]
   $t1 = local[18]
   $t1 = [$t0+4]
   local[18] = $t1
   $t0 = in[0]
   $t1 = local[19]
   $t1 = [$t0+0]
   local[19] = $t1
   $t0 = local[19]
   if $t0 goto :null5
   $t0 = "null pointer"
   Error($t0)
null5:
   $t0 = local[19]
   $t1 = local[20]
   $t1 = [$t0+0]
   local[20] = $t1
   $t0 = local[15]
   $t1 = local[20]
   $t2 = Lt($t0 $t1)
   local[20] = $t2
   $t0 = local[20]
   if $t0 goto :bounds4
   $t0 = "array index out of bounds"
   Error($t0)
bounds4:
   $t0 = local[15]
   $t1 = 4
   $t2 = MulS($t0 $t1)
   local[20] = $t2
   $t0 = local[20]
   $t1 = local[19]
   $t2 = Add($t0 $t1)
   local[20] = $t2
   $t0 = in[0]
   $t1 = local[21]
   $t1 = [$t0+0]
   local[21] = $t1
   $t0 = local[21]
   if $t0 goto :null6
   $t0 = "null pointer"
   Error($t0)
null6:
   $t0 = local[21]
   $t1 = local[22]
   $t1 = [$t0+0]
   local[22] = $t1
   $t0 = local[4]
   $t1 = local[22]
   $t2 = Lt($t0 $t1)
   local[22] = $t2
   $t0 = local[22]
   if $t0 goto :bounds5
   $t0 = "array index out of bounds"
   Error($t0)
bounds5:
   $t0 = local[4]
   $t1 = 4
   $t2 = MulS($t0 $t1)
   local[22] = $t2
   $t0 = local[22]
   $t1 = local[21]
   $t2 = Add($t0 $t1)
   local[22] = $t2
   $t0 = local[22]
   $t1 = local[23]
   $t1 = [$t0+4]
   local[23] = $t1
   $t0 = local[20]
   $t1 = local[23]
   [$t0+4] = $t1
   $t0 = in[0]
   $t1 = local[24]
   $t1 = [$t0+0]
   local[24] = $t1
   $t0 = local[24]
   if $t0 goto :null7
   $t0 = "null pointer"
   Error($t0)
null7:
   $t0 = local[24]
   $t1 = local[25]
   $t1 = [$t0+0]
   local[25] = $t1
   $t0 = local[4]
   $t1 = local[25]
   $t2 = Lt($t0 $t1)
   local[25] = $t2
   $t0 = local[25]
   if $t0 goto :bounds6
   $t0 = "array index out of bounds"
   Error($t0)
bounds6:
   $t0 = local[4]
   $t1 = 4
   $t2 = MulS($t0 $t1)
   local[25] = $t2
   $t0 = local[25]
   $t1 = local[24]
   $t2 = Add($t0 $t1)
   local[25] = $t2
   $t0 = local[25]
   $t1 = local[18]
   [$t0+4] = $t1
   goto :if1_end
if1_else:
   $t0 = 0
   local[26] = $t0
if1_end:
   $t0 = local[4]
   $t1 = 1
   $t2 = Add($t0 $t1)
   local[4] = $t2
   goto :while2_top
while2_end:
   $t0 = local[1]
   $t1 = 1
   $t2 = Sub($t0 $t1)
   local[1] = $t2
   goto :while1_top
while1_end:
   $v0 = 0
   ret

func BBS.Print [in 1, out 0, local 7]
   $t0 = 0
   local[0] = $t0
while3_top:
   $t0 = in[0]
   $t1 = local[1]
   $t1 = [$t0+4]
   local[1] = $t1
   $t0 = local[0]
   $t1 = local[1]
   $t2 = LtS($t0 $t1)
   local[2] = $t2
   $t0 = local[2]
   if0 $t0 goto :while3_end
   $t0 = in[0]
   $t1 = local[3]
   $t1 = [$t0+0]
   local[3] = $t1
   $t0 = local[3]
   if $t0 goto :null8
   $t0 = "null pointer"
   Error($t0)
null8:
   $t0 = local[3]
   $t1 = local[4]
   $t1 = [$t0+0]
   local[4] = $t1
   $t0 = local[0]
   $t1 = local[4]
   $t2 = Lt($t0 $t1)
   local[4] = $t2
   $t0 = local[4]
   if $t0 goto :bounds7
   $t0 = "array index out of bounds"
   Error($t0)
bounds7:
   $t0 = local[0]
   $t1 = 4
   $t2 = MulS($t0 $t1)
   local[4] = $t2
   $t0 = local[4]
   $t1 = local[3]
   $t2 = Add($t0 $t1)
   local[4] = $t2
   $t0 = local[4]
   $t1 = local[5]
   $t1 = [$t0+4]
   local[5] = $t1
   $t0 = local[5]
   PrintIntS($t0)
   $t0 = local[0]
   $t1 = 1
   $t2 = Add($t0 $t1)
   local[0] = $t2
   goto :while3_top
while3_end:
   $v0 = 0
   ret

func BBS.Init [in 2, out 1, local 23]
   $t0 = in[0]
   $t1 = in[1]
   [$t0+4] = $t1
   $v0 = in[1]
   out[0] = $v0
   $t0 = :AllocArray
   call $t0
   local[0] = $v0
   $t0 = in[0]
   $t1 = local[0]
   [$t0+0] = $t1
   $t0 = in[0]
   $t1 = local[1]
   $t1 = [$t0+0]
   local[1] = $t1
   $t0 = local[1]
   if $t0 goto :null9
   $t0 = "null pointer"
   Error($t0)
null9:
   $t0 = local[1]
   $t1 = local[2]
   $t1 = [$t0+0]
   local[2] = $t1
   $t0 = 0
   $t1 = local[2]
   $t2 = Lt($t0 $t1)
   local[2] = $t2
   $t0 = local[2]
   if $t0 goto :bounds8
   $t0 = "array index out of bounds"
   Error($t0)
bounds8:
   $t0 = 0
   $t1 = 4
   $t2 = MulS($t0 $t1)
   local[2] = $t2
   $t0 = local[2]
   $t1 = local[1]
   $t2 = Add($t0 $t1)
   local[2] = $t2
   $t0 = local[2]
   $t1 = 20
   [$t0+4] = $t1
   $t0 = in[0]
   $t1 = local[3]
   $t1 = [$t0+0]
   local[3] = $t1
   $t0 = local[3]
   if $t0 goto :null10
   $t0 = "null pointer"
   Error($t0)
null10:
   $t0 = local[3]
   $t1 = local[4]
   $t1 = [$t0+0]
   local[4] = $t1
   $t0 = 1
   $t1 = local[4]
   $t2 = Lt($t0 $t1)
   local[4] = $t2
   $t0 = local[4]
   if $t0 goto :bounds9
   $t0 = "array index out of bounds"
   Error($t0)
bounds9:
   $t0 = 1
   $t1 = 4
   $t2 = MulS($t0 $t1)
   local[4] = $t2
   $t0 = local[4]
   $t1 = local[3]
   $t2 = Add($t0 $t1)
   local[4] = $t2
   $t0 = local[4]
   $t1 = 7
   [$t0+4] = $t1
   $t0 = in[0]
   $t1 = local[5]
   $t1 = [$t0+0]
   local[5] = $t1
   $t0 = local[5]
   if $t0 goto :null11
   $t0 = "null pointer"
   Error($t0)
null11:
   $t0 = local[5]
   $t1 = local[6]
   $t1 = [$t0+0]
   local[6] = $t1
   $t0 = 2
   $t1 = local[6]
   $t2 = Lt($t0 $t1)
   local[6] = $t2
   $t0 = local[6]
   if $t0 goto :bounds10
   $t0 = "array index out of bounds"
   Error($t0)
bounds10:
   $t0 = 2
   $t1 = 4
   $t2 = MulS($t0 $t1)
   local[6] = $t2
   $t0 = local[6]
   $t1 = local[5]
   $t2 = Add($t0 $t1)
   local[6] = $t2
   $t0 = local[6]
   $t1 = 12
   [$t0+4] = $t1
   $t0 = in[0]
   $t1 = local[7]
   $t1 = [$t0+0]
   local[7] = $t1
   $t0 = local[7]
   if $t0 goto :null12
   $t0 = "null pointer"
   Error($t0)
null12:
   $t0 = local[7]
   $t1 = local[8]
   $t1 = [$t0+0]
   local[8] = $t1
   $t0 = 3
   $t1 = local[8]
   $t2 = Lt($t0 $t1)
   local[8] = $t2
   $t0 = local[8]
   if $t0 goto :bounds11
   $t0 = "array index out of bounds"
   Error($t0)
bounds11:
   $t0 = 3
   $t1 = 4
   $t2 = MulS($t0 $t1)
   local[8] = $t2
   $t0 = local[8]
   $t1 = local[7]
   $t2 = Add($t0 $t1)
   local[8] = $t2
   $t0 = local[8]
   $t1 = 18
   [$t0+4] = $t1
   $t0 = in[0]
   $t1 = local[9]
   $t1 = [$t0+0]
   local[9] = $t1
   $t0 = local[9]
   if $t0 goto :null13
   $t0 = "null pointer"
   Error($t0)
null13:
   $t0 = local[9]
   $t1 = local[10]
   $t1 = [$t0+0]
   local[10] = $t1
   $t0 = 4
   $t1 = local[10]
   $t2 = Lt($t0 $t1)
   local[10] = $t2
   $t0 = local[10]
   if $t0 goto :bounds12
   $t0 = "array index out of bounds"
   Error($t0)
bounds12:
   $t0 = 4
   $t1 = 4
   $t2 = MulS($t0 $t1)
   local[10] = $t2
   $t0 = local[10]
   $t1 = local[9]
   $t2 = Add($t0 $t1)
   local[10] = $t2
   $t0 = local[10]
   $t1 = 2
   [$t0+4] = $t1
   $t0 = in[0]
   $t1 = local[11]
   $t1 = [$t0+0]
   local[11] = $t1
   $t0 = local[11]
   if $t0 goto :null14
   $t0 = "null pointer"
   Error($t0)
null14:
   $t0 = local[11]
   $t1 = local[12]
   $t1 = [$t0+0]
   local[12] = $t1
   $t0 = 5
   $t1 = local[12]
   $t2 = Lt($t0 $t1)
   local[12] = $t2
   $t0 = local[12]
   if $t0 goto :bounds13
   $t0 = "array index out of bounds"
   Error($t0)
bounds13:
   $t0 = 5
   $t1 = 4
   $t2 = MulS($t0 $t1)
   local[12] = $t2
   $t0 = local[12]
   $t1 = local[11]
   $t2 = Add($t0 $t1)
   local[12] = $t2
   $t0 = local[12]
   $t1 = 11
   [$t0+4] = $t1
   $t0 = in[0]
   $t1 = local[13]
   $t1 = [$t0+0]
   local[13] = $t1
   $t0 = local[13]
   if $t0 goto :null15
   $t0 = "null pointer"
   Error($t0)
null15:
   $t0 = local[13]
   $t1 = local[14]
   $t1 = [$t0+0]
   local[14] = $t1
   $t0 = 6
   $t1 = local[14]
   $t2 = Lt($t0 $t1)
   local[14] = $t2
   $t0 = local[14]
   if $t0 goto :bounds14
   $t0 = "array index out of bounds"
   Error($t0)
bounds14:
   $t0 = 6
   $t1 = 4
   $t2 = MulS($t0 $t1)
   local[14] = $t2
   $t0 = local[14]
   $t1 = local[13]
   $t2 = Add($t0 $t1)
   local[14] = $t2
   $t0 = local[14]
   $t1 = 6
   [$t0+4] = $t1
   $t0 = in[0]
   $t1 = local[15]
   $t1 = [$t0+0]
   local[15] = $t1
   $t0 = local[15]
   if $t0 goto :null16
   $t0 = "null pointer"
   Error($t0)
null16:
   $t0 = local[15]
   $t1 = local[16]
   $t1 = [$t0+0]
   local[16] = $t1
   $t0 = 7
   $t1 = local[16]
   $t2 = Lt($t0 $t1)
   local[16] = $t2
   $t0 = local[16]
   if $t0 goto :bounds15
   $t0 = "array index out of bounds"
   Error($t0)
bounds15:
   $t0 = 7
   $t1 = 4
   $t2 = MulS($t0 $t1)
   local[16] = $t2
   $t0 = local[16]
   $t1 = local[15]
   $t2 = Add($t0 $t1)
   local[16] = $t2
   $t0 = local[16]
   $t1 = 9
   [$t0+4] = $t1
   $t0 = in[0]
   $t1 = local[17]
   $t1 = [$t0+0]
   local[17] = $t1
   $t0 = local[17]
   if $t0 goto :null17
   $t0 = "null pointer"
   Error($t0)
null17:
   $t0 = local[17]
   $t1 = local[18]
   $t1 = [$t0+0]
   local[18] = $t1
   $t0 = 8
   $t1 = local[18]
   $t2 = Lt($t0 $t1)
   local[18] = $t2
   $t0 = local[18]
   if $t0 goto :bounds16
   $t0 = "array index out of bounds"
   Error($t0)
bounds16:
   $t0 = 8
   $t1 = 4
   $t2 = MulS($t0 $t1)
   local[18] = $t2
   $t0 = local[18]
   $t1 = local[17]
   $t2 = Add($t0 $t1)
   local[18] = $t2
   $t0 = local[18]
   $t1 = 19
   [$t0+4] = $t1
   $t0 = in[0]
   $t1 = local[19]
   $t1 = [$t0+0]
   local[19] = $t1
   $t0 = local[19]
   if $t0 goto :null18
   $t0 = "null pointer"
   Error($t0)
null18:
   $t0 = local[19]
   $t1 = local[20]
   $t1 = [$t0+0]
   local[20] = $t1
   $t0 = 9
   $t1 = local[20]
   $t2 = Lt($t0 $t1)
   local[20] = $t2
   $t0 = local[20]
   if $t0 goto :bounds17
   $t0 = "array index out of bounds"
   Error($t0)
bounds17:
   $t0 = 9
   $t1 = 4
   $t2 = MulS($t0 $t1)
   local[20] = $t2
   $t0 = local[20]
   $t1 = local[19]
   $t2 = Add($t0 $t1)
   local[20] = $t2
   $t0 = local[20]
   $t1 = 5
   [$t0+4] = $t1
   $v0 = 0
   ret

func AllocArray [in 1, out 0, local 3]
   $t0 = in[0]
   $t1 = 4
   $t2 = MulS($t0 $t1)
   local[0] = $t2
   $t0 = local[0]
   $t1 = 4
   $t2 = Add($t0 $t1)
   local[0] = $t2
   $t0 = local[0]
   $t1 = HeapAllocZ($t0)
   local[1] = $t1
   $t0 = local[1]
   $t1 = in[0]
   [$t0+0] = $t1
   $v0 = local[1]
   ret



