const empty_Fac

func Main [in 0, out 2, local 1]
   out[0] = :empty_Fac
   out[1] = 10
   $t0 = :Fac.ComputeFac
   call $t0
   local[0] = $v0
   $t0 = local[0]
   PrintIntS($t0)
   ret

func Fac.ComputeFac [in 2, out 2, local 6]
   $t0 = in[1]
   $t1 = 1
   $t2 = LtS($t0 $t1)
   local[0] = $t2
   $t0 = local[0]
   if0 $t0 goto :if1_else
   $t0 = 1
   local[1] = $t0
   goto :if1_end
if1_else:
   $t0 = in[1]
   $t1 = 1
   $t2 = Sub($t0 $t1)
   local[2] = $t2
   $v0 = in[0]
   out[0] = $v0
   $v0 = local[2]
   out[1] = $v0
   $t0 = :Fac.ComputeFac
   call $t0
   local[3] = $v0
   $t0 = in[1]
   $t1 = local[3]
   $t2 = MulS($t0 $t1)
   local[1] = $t2
if1_end:
   $v0 = local[1]
   ret



