const vmt_Element
  :Element.Init
  :Element.GetAge
  :Element.GetSalary
  :Element.GetMarried
  :Element.Equal
  :Element.Compare

const vmt_List
  :List.Init
  :List.InitNew
  :List.Insert
  :List.SetNext
  :List.Delete
  :List.Search
  :List.GetEnd
  :List.GetElem
  :List.GetNext
  :List.Print

const vmt_LL
  :LL.Start

func Main [in 0, out 1, local 3]
   $t0 = 4
   $t1 = HeapAllocZ($t0)
   local[0] = $t1
   $t0 = local[0]
   $t1 = :vmt_LL
   [$t0+0] = $t1
   $t0 = local[0]
   if $t0 goto :null1
   $t0 = "null pointer"
   Error($t0)
null1:
   $t0 = local[0]
   $t1 = local[1]
   $t1 = [$t0+0]
   local[1] = $t1
   $t0 = local[1]
   $t1 = local[1]
   $t1 = [$t0+0]
   local[1] = $t1
   $v0 = local[0]
   out[0] = $v0
   $t0 = local[1]
   call $t0
   local[2] = $v0
   $t0 = local[2]
   PrintIntS($t0)
   ret

func Element.Init [in 4, out 0, local 4]
   $t0 = in[0]
   $t1 = in[1]
   [$t0+4] = $t1
   $t0 = in[0]
   $t1 = in[2]
   [$t0+8] = $t1
   $t0 = in[0]
   $t1 = in[3]
   [$t0+12] = $t1
   $v0 = 1
   ret

func Element.GetAge [in 1, out 0, local 2]
   $t0 = in[0]
   $t1 = local[0]
   $t1 = [$t0+4]
   local[0] = $t1
   $v0 = local[0]
   ret

func Element.GetSalary [in 1, out 0, local 2]
   $t0 = in[0]
   $t1 = local[0]
   $t1 = [$t0+8]
   local[0] = $t1
   $v0 = local[0]
   ret

func Element.GetMarried [in 1, out 0, local 2]
   $t0 = in[0]
   $t1 = local[0]
   $t1 = [$t0+12]
   local[0] = $t1
   $v0 = local[0]
   ret

func Element.Equal [in 2, out 3, local 22]
   $t0 = 1
   local[0] = $t0
   $t0 = in[1]
   if $t0 goto :null2
   $t0 = "null pointer"
   Error($t0)
null2:
   $t0 = in[1]
   $t1 = local[1]
   $t1 = [$t0+0]
   local[1] = $t1
   $t0 = local[1]
   $t1 = local[1]
   $t1 = [$t0+4]
   local[1] = $t1
   $v0 = in[1]
   out[0] = $v0
   $t0 = local[1]
   call $t0
   local[2] = $v0
   $t0 = in[0]
   $t1 = local[3]
   $t1 = [$t0+0]
   local[3] = $t1
   $t0 = local[3]
   $t1 = local[3]
   $t1 = [$t0+20]
   local[3] = $t1
   $t0 = in[0]
   $t1 = local[4]
   $t1 = [$t0+4]
   local[4] = $t1
   $v0 = in[0]
   out[0] = $v0
   $v0 = local[2]
   out[1] = $v0
   $v0 = local[4]
   out[2] = $v0
   $t0 = local[3]
   call $t0
   local[5] = $v0
   $t0 = 1
   $t1 = local[5]
   $t2 = Sub($t0 $t1)
   local[6] = $t2
   $t0 = local[6]
   if0 $t0 goto :if1_else
   $t0 = 0
   local[0] = $t0
   goto :if1_end
if1_else:
   $t0 = in[1]
   if $t0 goto :null3
   $t0 = "null pointer"
   Error($t0)
null3:
   $t0 = in[1]
   $t1 = local[7]
   $t1 = [$t0+0]
   local[7] = $t1
   $t0 = local[7]
   $t1 = local[7]
   $t1 = [$t0+8]
   local[7] = $t1
   $v0 = in[1]
   out[0] = $v0
   $t0 = local[7]
   call $t0
   local[8] = $v0
   $t0 = in[0]
   $t1 = local[9]
   $t1 = [$t0+0]
   local[9] = $t1
   $t0 = local[9]
   $t1 = local[9]
   $t1 = [$t0+20]
   local[9] = $t1
   $t0 = in[0]
   $t1 = local[10]
   $t1 = [$t0+8]
   local[10] = $t1
   $v0 = in[0]
   out[0] = $v0
   $v0 = local[8]
   out[1] = $v0
   $v0 = local[10]
   out[2] = $v0
   $t0 = local[9]
   call $t0
   local[11] = $v0
   $t0 = 1
   $t1 = local[11]
   $t2 = Sub($t0 $t1)
   local[12] = $t2
   $t0 = local[12]
   if0 $t0 goto :if2_else
   $t0 = 0
   local[0] = $t0
   goto :if2_end
if2_else:
   $t0 = in[0]
   $t1 = local[13]
   $t1 = [$t0+12]
   local[13] = $t1
   $t0 = local[13]
   if0 $t0 goto :if3_else
   $t0 = in[1]
   if $t0 goto :null4
   $t0 = "null pointer"
   Error($t0)
null4:
   $t0 = in[1]
   $t1 = local[14]
   $t1 = [$t0+0]
   local[14] = $t1
   $t0 = local[14]
   $t1 = local[14]
   $t1 = [$t0+12]
   local[14] = $t1
   $v0 = in[1]
   out[0] = $v0
   $t0 = local[14]
   call $t0
   local[15] = $v0
   $t0 = 1
   $t1 = local[15]
   $t2 = Sub($t0 $t1)
   local[16] = $t2
   $t0 = local[16]
   if0 $t0 goto :if4_else
   $t0 = 0
   local[0] = $t0
   goto :if4_end
if4_else:
   $t0 = 0
   local[17] = $t0
if4_end:
   goto :if3_end
if3_else:
   $t0 = in[1]
   if $t0 goto :null5
   $t0 = "null pointer"
   Error($t0)
null5:
   $t0 = in[1]
   $t1 = local[18]
   $t1 = [$t0+0]
   local[18] = $t1
   $t0 = local[18]
   $t1 = local[18]
   $t1 = [$t0+12]
   local[18] = $t1
   $v0 = in[1]
   out[0] = $v0
   $t0 = local[18]
   call $t0
   local[19] = $v0
   $t0 = local[19]
   if0 $t0 goto :if5_else
   $t0 = 0
   local[0] = $t0
   goto :if5_end
if5_else:
   $t0 = 0
   local[17] = $t0
if5_end:
if3_end:
if2_end:
if1_end:
   $v0 = local[0]
   ret

func Element.Compare [in 3, out 0, local 8]
   $t0 = 0
   local[0] = $t0
   $t0 = in[2]
   $t1 = 1
   $t2 = Add($t0 $t1)
   local[1] = $t2
   $t0 = in[1]
   $t1 = in[2]
   $t2 = LtS($t0 $t1)
   local[2] = $t2
   $t0 = local[2]
   if0 $t0 goto :if6_else
   $t0 = 0
   local[0] = $t0
   goto :if6_end
if6_else:
   $t0 = in[1]
   $t1 = local[1]
   $t2 = LtS($t0 $t1)
   local[3] = $t2
   $t0 = 1
   $t1 = local[3]
   $t2 = Sub($t0 $t1)
   local[4] = $t2
   $t0 = local[4]
   if0 $t0 goto :if7_else
   $t0 = 0
   local[0] = $t0
   goto :if7_end
if7_else:
   $t0 = 1
   local[0] = $t0
if7_end:
if6_end:
   $v0 = local[0]
   ret

func List.Init [in 1, out 0, local 1]
   $t0 = in[0]
   $t1 = 1
   [$t0+12] = $t1
   $v0 = 1
   ret

func List.InitNew [in 4, out 0, local 4]
   $t0 = in[0]
   $t1 = in[3]
   [$t0+12] = $t1
   $t0 = in[0]
   $t1 = in[1]
   [$t0+4] = $t1
   $t0 = in[0]
   $t1 = in[2]
   [$t0+8] = $t1
   $v0 = 1
   ret

func List.Insert [in 2, out 4, local 7]
   $t0 = in[0]
   local[0] = $t0
   $t0 = 16
   $t1 = HeapAllocZ($t0)
   local[1] = $t1
   $t0 = local[1]
   $t1 = :vmt_List
   [$t0+0] = $t1
   $t0 = local[1]
   local[2] = $t0
   $t0 = local[2]
   if $t0 goto :null6
   $t0 = "null pointer"
   Error($t0)
null6:
   $t0 = local[2]
   $t1 = local[3]
   $t1 = [$t0+0]
   local[3] = $t1
   $t0 = local[3]
   $t1 = local[3]
   $t1 = [$t0+4]
   local[3] = $t1
   $v0 = local[2]
   out[0] = $v0
   $v0 = in[1]
   out[1] = $v0
   $v0 = local[0]
   out[2] = $v0
   out[3] = 0
   $t0 = local[3]
   call $t0
   local[4] = $v0
   $v0 = local[2]
   ret

func List.SetNext [in 2, out 0, local 2]
   $t0 = in[0]
   $t1 = in[1]
   [$t0+8] = $t1
   $v0 = 1
   ret

func List.Delete [in 2, out 2, local 26]
   $t0 = in[0]
   local[0] = $t0
   $t0 = 0
   local[1] = $t0
   $t0 = 0
   $t1 = 1
   $t2 = Sub($t0 $t1)
   local[2] = $t2
   $t0 = in[0]
   local[3] = $t0
   $t0 = in[0]
   local[4] = $t0
   $t0 = in[0]
   $t1 = local[5]
   $t1 = [$t0+12]
   local[5] = $t1
   $t0 = in[0]
   $t1 = local[6]
   $t1 = [$t0+4]
   local[6] = $t1
while1_top:
   $t0 = 1
   $t1 = local[5]
   $t2 = Sub($t0 $t1)
   local[7] = $t2
   $t0 = local[7]
   if0 $t0 goto :ss1_else
   $t0 = 1
   $t1 = local[1]
   $t2 = Sub($t0 $t1)
   local[8] = $t2
   goto :ss1_end
ss1_else:
   $t0 = 0
   local[8] = $t0
ss1_end:
   $t0 = local[8]
   if0 $t0 goto :while1_end
   $t0 = in[1]
   if $t0 goto :null7
   $t0 = "null pointer"
   Error($t0)
null7:
   $t0 = in[1]
   $t1 = local[9]
   $t1 = [$t0+0]
   local[9] = $t1
   $t0 = local[9]
   $t1 = local[9]
   $t1 = [$t0+16]
   local[9] = $t1
   $v0 = in[1]
   out[0] = $v0
   $v0 = local[6]
   out[1] = $v0
   $t0 = local[9]
   call $t0
   local[10] = $v0
   $t0 = local[10]
   if0 $t0 goto :if8_else
   $t0 = 1
   local[1] = $t0
   $t0 = local[2]
   $t1 = 0
   $t2 = LtS($t0 $t1)
   local[11] = $t2
   $t0 = local[11]
   if0 $t0 goto :if9_else
   $t0 = local[3]
   if $t0 goto :null8
   $t0 = "null pointer"
   Error($t0)
null8:
   $t0 = local[3]
   $t1 = local[12]
   $t1 = [$t0+0]
   local[12] = $t1
   $t0 = local[12]
   $t1 = local[12]
   $t1 = [$t0+32]
   local[12] = $t1
   $v0 = local[3]
   out[0] = $v0
   $t0 = local[12]
   call $t0
   local[0] = $v0
   goto :if9_end
if9_else:
   $t0 = 0
   $t1 = 555
   $t2 = Sub($t0 $t1)
   local[13] = $t2
   $t0 = local[13]
   PrintIntS($t0)
   $t0 = local[4]
   if $t0 goto :null9
   $t0 = "null pointer"
   Error($t0)
null9:
   $t0 = local[4]
   $t1 = local[14]
   $t1 = [$t0+0]
   local[14] = $t1
   $t0 = local[14]
   $t1 = local[14]
   $t1 = [$t0+12]
   local[14] = $t1
   $t0 = local[3]
   if $t0 goto :null10
   $t0 = "null pointer"
   Error($t0)
null10:
   $t0 = local[3]
   $t1 = local[15]
   $t1 = [$t0+0]
   local[15] = $t1
   $t0 = local[15]
   $t1 = local[15]
   $t1 = [$t0+32]
   local[15] = $t1
   $v0 = local[3]
   out[0] = $v0
   $t0 = local[15]
   call $t0
   local[16] = $v0
   $v0 = local[4]
   out[0] = $v0
   $v0 = local[16]
   out[1] = $v0
   $t0 = local[14]
   call $t0
   local[17] = $v0
   $t0 = 0
   $t1 = 555
   $t2 = Sub($t0 $t1)
   local[18] = $t2
   $t0 = local[18]
   PrintIntS($t0)
if9_end:
   goto :if8_end
if8_else:
   $t0 = 0
   local[19] = $t0
if8_end:
   $t0 = 1
   $t1 = local[1]
   $t2 = Sub($t0 $t1)
   local[20] = $t2
   $t0 = local[20]
   if0 $t0 goto :if10_else
   $t0 = local[3]
   local[4] = $t0
   $t0 = local[3]
   if $t0 goto :null11
   $t0 = "null pointer"
   Error($t0)
null11:
   $t0 = local[3]
   $t1 = local[21]
   $t1 = [$t0+0]
   local[21] = $t1
   $t0 = local[21]
   $t1 = local[21]
   $t1 = [$t0+32]
   local[21] = $t1
   $v0 = local[3]
   out[0] = $v0
   $t0 = local[21]
   call $t0
   local[3] = $v0
   $t0 = local[3]
   if $t0 goto :null12
   $t0 = "null pointer"
   Error($t0)
null12:
   $t0 = local[3]
   $t1 = local[22]
   $t1 = [$t0+0]
   local[22] = $t1
   $t0 = local[22]
   $t1 = local[22]
   $t1 = [$t0+24]
   local[22] = $t1
   $v0 = local[3]
   out[0] = $v0
   $t0 = local[22]
   call $t0
   local[5] = $v0
   $t0 = local[3]
   if $t0 goto :null13
   $t0 = "null pointer"
   Error($t0)
null13:
   $t0 = local[3]
   $t1 = local[23]
   $t1 = [$t0+0]
   local[23] = $t1
   $t0 = local[23]
   $t1 = local[23]
   $t1 = [$t0+28]
   local[23] = $t1
   $v0 = local[3]
   out[0] = $v0
   $t0 = local[23]
   call $t0
   local[6] = $v0
   $t0 = 1
   local[2] = $t0
   goto :if10_end
if10_else:
   $t0 = 0
   local[19] = $t0
if10_end:
   goto :while1_top
while1_end:
   $v0 = local[0]
   ret

func List.Search [in 2, out 2, local 13]
   $t0 = 0
   local[0] = $t0
   $t0 = in[0]
   local[1] = $t0
   $t0 = in[0]
   $t1 = local[2]
   $t1 = [$t0+12]
   local[2] = $t1
   $t0 = in[0]
   $t1 = local[3]
   $t1 = [$t0+4]
   local[3] = $t1
while2_top:
   $t0 = 1
   $t1 = local[2]
   $t2 = Sub($t0 $t1)
   local[4] = $t2
   $t0 = local[4]
   if0 $t0 goto :while2_end
   $t0 = in[1]
   if $t0 goto :null14
   $t0 = "null pointer"
   Error($t0)
null14:
   $t0 = in[1]
   $t1 = local[5]
   $t1 = [$t0+0]
   local[5] = $t1
   $t0 = local[5]
   $t1 = local[5]
   $t1 = [$t0+16]
   local[5] = $t1
   $v0 = in[1]
   out[0] = $v0
   $v0 = local[3]
   out[1] = $v0
   $t0 = local[5]
   call $t0
   local[6] = $v0
   $t0 = local[6]
   if0 $t0 goto :if11_else
   $t0 = 1
   local[0] = $t0
   goto :if11_end
if11_else:
   $t0 = 0
   local[7] = $t0
if11_end:
   $t0 = local[1]
   if $t0 goto :null15
   $t0 = "null pointer"
   Error($t0)
null15:
   $t0 = local[1]
   $t1 = local[8]
   $t1 = [$t0+0]
   local[8] = $t1
   $t0 = local[8]
   $t1 = local[8]
   $t1 = [$t0+32]
   local[8] = $t1
   $v0 = local[1]
   out[0] = $v0
   $t0 = local[8]
   call $t0
   local[1] = $v0
   $t0 = local[1]
   if $t0 goto :null16
   $t0 = "null pointer"
   Error($t0)
null16:
   $t0 = local[1]
   $t1 = local[9]
   $t1 = [$t0+0]
   local[9] = $t1
   $t0 = local[9]
   $t1 = local[9]
   $t1 = [$t0+24]
   local[9] = $t1
   $v0 = local[1]
   out[0] = $v0
   $t0 = local[9]
   call $t0
   local[2] = $v0
   $t0 = local[1]
   if $t0 goto :null17
   $t0 = "null pointer"
   Error($t0)
null17:
   $t0 = local[1]
   $t1 = local[10]
   $t1 = [$t0+0]
   local[10] = $t1
   $t0 = local[10]
   $t1 = local[10]
   $t1 = [$t0+28]
   local[10] = $t1
   $v0 = local[1]
   out[0] = $v0
   $t0 = local[10]
   call $t0
   local[3] = $v0
   goto :while2_top
while2_end:
   $v0 = local[0]
   ret

func List.GetEnd [in 1, out 0, local 2]
   $t0 = in[0]
   $t1 = local[0]
   $t1 = [$t0+12]
   local[0] = $t1
   $v0 = local[0]
   ret

func List.GetElem [in 1, out 0, local 2]
   $t0 = in[0]
   $t1 = local[0]
   $t1 = [$t0+4]
   local[0] = $t1
   $v0 = local[0]
   ret

func List.GetNext [in 1, out 0, local 2]
   $t0 = in[0]
   $t1 = local[0]
   $t1 = [$t0+8]
   local[0] = $t1
   $v0 = local[0]
   ret

func List.Print [in 1, out 1, local 10]
   $t0 = in[0]
   local[0] = $t0
   $t0 = in[0]
   $t1 = local[1]
   $t1 = [$t0+12]
   local[1] = $t1
   $t0 = in[0]
   $t1 = local[2]
   $t1 = [$t0+4]
   local[2] = $t1
while3_top:
   $t0 = 1
   $t1 = local[1]
   $t2 = Sub($t0 $t1)
   local[3] = $t2
   $t0 = local[3]
   if0 $t0 goto :while3_end
   $t0 = local[2]
   if $t0 goto :null18
   $t0 = "null pointer"
   Error($t0)
null18:
   $t0 = local[2]
   $t1 = local[4]
   $t1 = [$t0+0]
   local[4] = $t1
   $t0 = local[4]
   $t1 = local[4]
   $t1 = [$t0+4]
   local[4] = $t1
   $v0 = local[2]
   out[0] = $v0
   $t0 = local[4]
   call $t0
   local[5] = $v0
   $t0 = local[5]
   PrintIntS($t0)
   $t0 = local[0]
   if $t0 goto :null19
   $t0 = "null pointer"
   Error($t0)
null19:
   $t0 = local[0]
   $t1 = local[6]
   $t1 = [$t0+0]
   local[6] = $t1
   $t0 = local[6]
   $t1 = local[6]
   $t1 = [$t0+32]
   local[6] = $t1
   $v0 = local[0]
   out[0] = $v0
   $t0 = local[6]
   call $t0
   local[0] = $v0
   $t0 = local[0]
   if $t0 goto :null20
   $t0 = "null pointer"
   Error($t0)
null20:
   $t0 = local[0]
   $t1 = local[7]
   $t1 = [$t0+0]
   local[7] = $t1
   $t0 = local[7]
   $t1 = local[7]
   $t1 = [$t0+24]
   local[7] = $t1
   $v0 = local[0]
   out[0] = $v0
   $t0 = local[7]
   call $t0
   local[1] = $v0
   $t0 = local[0]
   if $t0 goto :null21
   $t0 = "null pointer"
   Error($t0)
null21:
   $t0 = local[0]
   $t1 = local[8]
   $t1 = [$t0+0]
   local[8] = $t1
   $t0 = local[8]
   $t1 = local[8]
   $t1 = [$t0+28]
   local[8] = $t1
   $v0 = local[0]
   out[0] = $v0
   $t0 = local[8]
   call $t0
   local[2] = $v0
   goto :while3_top
while3_end:
   $v0 = 1
   ret

func LL.Start [in 1, out 4, local 37]
   $t0 = 16
   $t1 = HeapAllocZ($t0)
   local[0] = $t1
   $t0 = local[0]
   $t1 = :vmt_List
   [$t0+0] = $t1
   $t0 = local[0]
   local[1] = $t0
   $t0 = local[1]
   if $t0 goto :null22
   $t0 = "null pointer"
   Error($t0)
null22:
   $t0 = local[1]
   $t1 = local[2]
   $t1 = [$t0+0]
   local[2] = $t1
   $t0 = local[2]
   $t1 = local[2]
   $t1 = [$t0+0]
   local[2] = $t1
   $v0 = local[1]
   out[0] = $v0
   $t0 = local[2]
   call $t0
   local[3] = $v0
   $t0 = local[1]
   local[4] = $t0
   $t0 = local[4]
   if $t0 goto :null23
   $t0 = "null pointer"
   Error($t0)
null23:
   $t0 = local[4]
   $t1 = local[5]
   $t1 = [$t0+0]
   local[5] = $t1
   $t0 = local[5]
   $t1 = local[5]
   $t1 = [$t0+0]
   local[5] = $t1
   $v0 = local[4]
   out[0] = $v0
   $t0 = local[5]
   call $t0
   local[3] = $v0
   $t0 = local[4]
   if $t0 goto :null24
   $t0 = "null pointer"
   Error($t0)
null24:
   $t0 = local[4]
   $t1 = local[6]
   $t1 = [$t0+0]
   local[6] = $t1
   $t0 = local[6]
   $t1 = local[6]
   $t1 = [$t0+36]
   local[6] = $t1
   $v0 = local[4]
   out[0] = $v0
   $t0 = local[6]
   call $t0
   local[3] = $v0
   $t0 = 16
   $t1 = HeapAllocZ($t0)
   local[7] = $t1
   $t0 = local[7]
   $t1 = :vmt_Element
   [$t0+0] = $t1
   $t0 = local[7]
   local[8] = $t0
   $t0 = local[8]
   if $t0 goto :null25
   $t0 = "null pointer"
   Error($t0)
null25:
   $t0 = local[8]
   $t1 = local[9]
   $t1 = [$t0+0]
   local[9] = $t1
   $t0 = local[9]
   $t1 = local[9]
   $t1 = [$t0+0]
   local[9] = $t1
   $v0 = local[8]
   out[0] = $v0
   out[1] = 25
   out[2] = 37000
   out[3] = 0
   $t0 = local[9]
   call $t0
   local[3] = $v0
   $t0 = local[4]
   if $t0 goto :null26
   $t0 = "null pointer"
   Error($t0)
null26:
   $t0 = local[4]
   $t1 = local[10]
   $t1 = [$t0+0]
   local[10] = $t1
   $t0 = local[10]
   $t1 = local[10]
   $t1 = [$t0+8]
   local[10] = $t1
   $v0 = local[4]
   out[0] = $v0
   $v0 = local[8]
   out[1] = $v0
   $t0 = local[10]
   call $t0
   local[4] = $v0
   $t0 = local[4]
   if $t0 goto :null27
   $t0 = "null pointer"
   Error($t0)
null27:
   $t0 = local[4]
   $t1 = local[11]
   $t1 = [$t0+0]
   local[11] = $t1
   $t0 = local[11]
   $t1 = local[11]
   $t1 = [$t0+36]
   local[11] = $t1
   $v0 = local[4]
   out[0] = $v0
   $t0 = local[11]
   call $t0
   local[3] = $v0
   $t0 = 10000000
   PrintIntS($t0)
   $t0 = 16
   $t1 = HeapAllocZ($t0)
   local[12] = $t1
   $t0 = local[12]
   $t1 = :vmt_Element
   [$t0+0] = $t1
   $t0 = local[12]
   local[8] = $t0
   $t0 = local[8]
   if $t0 goto :null28
   $t0 = "null pointer"
   Error($t0)
null28:
   $t0 = local[8]
   $t1 = local[13]
   $t1 = [$t0+0]
   local[13] = $t1
   $t0 = local[13]
   $t1 = local[13]
   $t1 = [$t0+0]
   local[13] = $t1
   $v0 = local[8]
   out[0] = $v0
   out[1] = 39
   out[2] = 42000
   out[3] = 1
   $t0 = local[13]
   call $t0
   local[3] = $v0
   $t0 = local[8]
   local[14] = $t0
   $t0 = local[4]
   if $t0 goto :null29
   $t0 = "null pointer"
   Error($t0)
null29:
   $t0 = local[4]
   $t1 = local[15]
   $t1 = [$t0+0]
   local[15] = $t1
   $t0 = local[15]
   $t1 = local[15]
   $t1 = [$t0+8]
   local[15] = $t1
   $v0 = local[4]
   out[0] = $v0
   $v0 = local[8]
   out[1] = $v0
   $t0 = local[15]
   call $t0
   local[4] = $v0
   $t0 = local[4]
   if $t0 goto :null30
   $t0 = "null pointer"
   Error($t0)
null30:
   $t0 = local[4]
   $t1 = local[16]
   $t1 = [$t0+0]
   local[16] = $t1
   $t0 = local[16]
   $t1 = local[16]
   $t1 = [$t0+36]
   local[16] = $t1
   $v0 = local[4]
   out[0] = $v0
   $t0 = local[16]
   call $t0
   local[3] = $v0
   $t0 = 10000000
   PrintIntS($t0)
   $t0 = 16
   $t1 = HeapAllocZ($t0)
   local[17] = $t1
   $t0 = local[17]
   $t1 = :vmt_Element
   [$t0+0] = $t1
   $t0 = local[17]
   local[8] = $t0
   $t0 = local[8]
   if $t0 goto :null31
   $t0 = "null pointer"
   Error($t0)
null31:
   $t0 = local[8]
   $t1 = local[18]
   $t1 = [$t0+0]
   local[18] = $t1
   $t0 = local[18]
   $t1 = local[18]
   $t1 = [$t0+0]
   local[18] = $t1
   $v0 = local[8]
   out[0] = $v0
   out[1] = 22
   out[2] = 34000
   out[3] = 0
   $t0 = local[18]
   call $t0
   local[3] = $v0
   $t0 = local[4]
   if $t0 goto :null32
   $t0 = "null pointer"
   Error($t0)
null32:
   $t0 = local[4]
   $t1 = local[19]
   $t1 = [$t0+0]
   local[19] = $t1
   $t0 = local[19]
   $t1 = local[19]
   $t1 = [$t0+8]
   local[19] = $t1
   $v0 = local[4]
   out[0] = $v0
   $v0 = local[8]
   out[1] = $v0
   $t0 = local[19]
   call $t0
   local[4] = $v0
   $t0 = local[4]
   if $t0 goto :null33
   $t0 = "null pointer"
   Error($t0)
null33:
   $t0 = local[4]
   $t1 = local[20]
   $t1 = [$t0+0]
   local[20] = $t1
   $t0 = local[20]
   $t1 = local[20]
   $t1 = [$t0+36]
   local[20] = $t1
   $v0 = local[4]
   out[0] = $v0
   $t0 = local[20]
   call $t0
   local[3] = $v0
   $t0 = 16
   $t1 = HeapAllocZ($t0)
   local[21] = $t1
   $t0 = local[21]
   $t1 = :vmt_Element
   [$t0+0] = $t1
   $t0 = local[21]
   local[22] = $t0
   $t0 = local[22]
   if $t0 goto :null34
   $t0 = "null pointer"
   Error($t0)
null34:
   $t0 = local[22]
   $t1 = local[23]
   $t1 = [$t0+0]
   local[23] = $t1
   $t0 = local[23]
   $t1 = local[23]
   $t1 = [$t0+0]
   local[23] = $t1
   $v0 = local[22]
   out[0] = $v0
   out[1] = 27
   out[2] = 34000
   out[3] = 0
   $t0 = local[23]
   call $t0
   local[3] = $v0
   $t0 = local[4]
   if $t0 goto :null35
   $t0 = "null pointer"
   Error($t0)
null35:
   $t0 = local[4]
   $t1 = local[24]
   $t1 = [$t0+0]
   local[24] = $t1
   $t0 = local[24]
   $t1 = local[24]
   $t1 = [$t0+20]
   local[24] = $t1
   $v0 = local[4]
   out[0] = $v0
   $v0 = local[14]
   out[1] = $v0
   $t0 = local[24]
   call $t0
   local[25] = $v0
   $t0 = local[25]
   PrintIntS($t0)
   $t0 = local[4]
   if $t0 goto :null36
   $t0 = "null pointer"
   Error($t0)
null36:
   $t0 = local[4]
   $t1 = local[26]
   $t1 = [$t0+0]
   local[26] = $t1
   $t0 = local[26]
   $t1 = local[26]
   $t1 = [$t0+20]
   local[26] = $t1
   $v0 = local[4]
   out[0] = $v0
   $v0 = local[22]
   out[1] = $v0
   $t0 = local[26]
   call $t0
   local[27] = $v0
   $t0 = local[27]
   PrintIntS($t0)
   $t0 = 10000000
   PrintIntS($t0)
   $t0 = 16
   $t1 = HeapAllocZ($t0)
   local[28] = $t1
   $t0 = local[28]
   $t1 = :vmt_Element
   [$t0+0] = $t1
   $t0 = local[28]
   local[8] = $t0
   $t0 = local[8]
   if $t0 goto :null37
   $t0 = "null pointer"
   Error($t0)
null37:
   $t0 = local[8]
   $t1 = local[29]
   $t1 = [$t0+0]
   local[29] = $t1
   $t0 = local[29]
   $t1 = local[29]
   $t1 = [$t0+0]
   local[29] = $t1
   $v0 = local[8]
   out[0] = $v0
   out[1] = 28
   out[2] = 35000
   out[3] = 0
   $t0 = local[29]
   call $t0
   local[3] = $v0
   $t0 = local[4]
   if $t0 goto :null38
   $t0 = "null pointer"
   Error($t0)
null38:
   $t0 = local[4]
   $t1 = local[30]
   $t1 = [$t0+0]
   local[30] = $t1
   $t0 = local[30]
   $t1 = local[30]
   $t1 = [$t0+8]
   local[30] = $t1
   $v0 = local[4]
   out[0] = $v0
   $v0 = local[8]
   out[1] = $v0
   $t0 = local[30]
   call $t0
   local[4] = $v0
   $t0 = local[4]
   if $t0 goto :null39
   $t0 = "null pointer"
   Error($t0)
null39:
   $t0 = local[4]
   $t1 = local[31]
   $t1 = [$t0+0]
   local[31] = $t1
   $t0 = local[31]
   $t1 = local[31]
   $t1 = [$t0+36]
   local[31] = $t1
   $v0 = local[4]
   out[0] = $v0
   $t0 = local[31]
   call $t0
   local[3] = $v0
   $t0 = 2220000
   PrintIntS($t0)
   $t0 = local[4]
   if $t0 goto :null40
   $t0 = "null pointer"
   Error($t0)
null40:
   $t0 = local[4]
   $t1 = local[32]
   $t1 = [$t0+0]
   local[32] = $t1
   $t0 = local[32]
   $t1 = local[32]
   $t1 = [$t0+16]
   local[32] = $t1
   $v0 = local[4]
   out[0] = $v0
   $v0 = local[14]
   out[1] = $v0
   $t0 = local[32]
   call $t0
   local[4] = $v0
   $t0 = local[4]
   if $t0 goto :null41
   $t0 = "null pointer"
   Error($t0)
null41:
   $t0 = local[4]
   $t1 = local[33]
   $t1 = [$t0+0]
   local[33] = $t1
   $t0 = local[33]
   $t1 = local[33]
   $t1 = [$t0+36]
   local[33] = $t1
   $v0 = local[4]
   out[0] = $v0
   $t0 = local[33]
   call $t0
   local[3] = $v0
   $t0 = 33300000
   PrintIntS($t0)
   $t0 = local[4]
   if $t0 goto :null42
   $t0 = "null pointer"
   Error($t0)
null42:
   $t0 = local[4]
   $t1 = local[34]
   $t1 = [$t0+0]
   local[34] = $t1
   $t0 = local[34]
   $t1 = local[34]
   $t1 = [$t0+16]
   local[34] = $t1
   $v0 = local[4]
   out[0] = $v0
   $v0 = local[8]
   out[1] = $v0
   $t0 = local[34]
   call $t0
   local[4] = $v0
   $t0 = local[4]
   if $t0 goto :null43
   $t0 = "null pointer"
   Error($t0)
null43:
   $t0 = local[4]
   $t1 = local[35]
   $t1 = [$t0+0]
   local[35] = $t1
   $t0 = local[35]
   $t1 = local[35]
   $t1 = [$t0+36]
   local[35] = $t1
   $v0 = local[4]
   out[0] = $v0
   $t0 = local[35]
   call $t0
   local[3] = $v0
   $t0 = 44440000
   PrintIntS($t0)
   $v0 = 0
   ret



