const empty_MT4

func Main [in 0, out 7, local 1]
   out[0] = :empty_MT4
   out[1] = 1
   out[2] = 2
   out[3] = 3
   out[4] = 4
   out[5] = 5
   out[6] = 6
   $t0 = :MT4.Start
   call $t0
   local[0] = $v0
   $t0 = local[0]
   PrintIntS($t0)
   ret

func MT4.Start [in 7, out 7, local 8]
   $t0 = in[1]
   PrintIntS($t0)
   $t0 = in[2]
   PrintIntS($t0)
   $t0 = in[3]
   PrintIntS($t0)
   $t0 = in[4]
   PrintIntS($t0)
   $t0 = in[5]
   PrintIntS($t0)
   $t0 = in[6]
   PrintIntS($t0)
   $v0 = in[0]
   out[0] = $v0
   $v0 = in[6]
   out[1] = $v0
   $v0 = in[5]
   out[2] = $v0
   $v0 = in[4]
   out[3] = $v0
   $v0 = in[3]
   out[4] = $v0
   $v0 = in[2]
   out[5] = $v0
   $v0 = in[1]
   out[6] = $v0
   $t0 = :MT4.Change
   call $t0
   local[0] = $v0
   $v0 = local[0]
   ret

func MT4.Change [in 7, out 0, local 7]
   $t0 = in[1]
   PrintIntS($t0)
   $t0 = in[2]
   PrintIntS($t0)
   $t0 = in[3]
   PrintIntS($t0)
   $t0 = in[4]
   PrintIntS($t0)
   $t0 = in[5]
   PrintIntS($t0)
   $t0 = in[6]
   PrintIntS($t0)
   $v0 = 0
   ret



